11:01:22 **** Incremental Build of configuration Nios II for project MasterSoC_3pAIP_v2 ****
make all 
Info: Building ../MasterSoC_3pAIP_v2_bsp/
C:/intelFPGA_lite/18.1/nios2eds/bin/gnu/H-x86_64-mingw32/bin/make --no-print-directory -C ../MasterSoC_3pAIP_v2_bsp/
[BSP build complete]
Info: Linking MasterSoC_3pAIP_v2.elf
nios2-elf-g++ -lc -lm -lgcc -T'../MasterSoC_3pAIP_v2_bsp//linker.x' -msys-crt0='../MasterSoC_3pAIP_v2_bsp//obj/HAL/src/crt0.o' -msys-lib=hal_bsp -L../MasterSoC_3pAIP_v2_bsp/  -msmallc  -Wl,-Map=MasterSoC_3pAIP_v2.map   -Os -g -Wall   -mno-hw-div -mno-hw-mul -mno-hw-mulx -mgpopt=global  -o MasterSoC_3pAIP_v2.elf obj/default/ID00004003_masterSOC.o obj/default/aip.o obj/default/main.o obj/default/spi.o obj/default/ID0000100A_gpio.o obj/default/execute_opcode.o obj/default/parser_opcodes.o obj/default/Calibrations.o obj/default/LMS7002M_RFIC_ENABLES.o obj/default/LMS7002M_enable_external_loopback.o obj/default/LMS7002M_afe.o obj/default/LMS7002M_cgen.o obj/default/LMS7002M_filter_cal.o obj/default/LMS7002M_gfir.o obj/default/LMS7002M_impl.o obj/default/LMS7002M_ldo.o obj/default/LMS7002M_lml.o obj/default/LMS7002M_logger.o obj/default/LMS7002M_nco.o obj/default/LMS7002M_rbb.o obj/default/LMS7002M_rfe.o obj/default/LMS7002M_rx_filter_cal.o obj/default/LMS7002M_rxtsp.o obj/default/LMS7002M_sxx.o obj/default/LMS7002M_tbb.o obj/default/LMS7002M_time.o obj/default/LMS7002M_trf.o obj/default/LMS7002M_tx_filter_cal.o obj/default/LMS7002M_txtsp.o obj/default/LMS7002M_vco.o obj/default/LMS7002M_xbuf.o obj/default/LMS7002M_set_work_mode.o obj/default/Tune_Filter_8051.o obj/default/platform.o obj/default/util.o obj/default/reinterpret.o -lm -msys-lib=m
obj/default/Calibrations.o:(.rodata+0x0): multiple definition of `mcu_program_lms7_dc_iq_calibration_bin'
obj/default/parser_opcodes.o:(.rodata+0x64): first defined here
c:/intelfpga_lite/18.1/nios2eds/bin/gnu/h-x86_64-mingw32/bin/../lib/gcc/nios2-elf/5.3.0/../../../../../H-x86_64-mingw32/nios2-elf/bin/ld.exe: Disabling relaxation: it will not work with multiple definitions
obj/default/Calibrations.o: In function `CalibrateTx':
C:\WorkspaceDDigital\LSM7002MNiosProject\MasterSoC_Controller\software\MasterSoC_3pAIP_v2/../../Firmware/src/Calibrations.c:59: multiple definition of `TrxCalib_RF_LimitHigh'
obj/default/parser_opcodes.o:C:\WorkspaceDDigital\LSM7002MNiosProject\MasterSoC_Controller\software\MasterSoC_3pAIP_v2/../../Firmware/src/Broker/parser_opcodes.c:735: first defined here
obj/default/Calibrations.o: In function `CalibrateTx':
C:\WorkspaceDDigital\LSM7002MNiosProject\MasterSoC_Controller\software\MasterSoC_3pAIP_v2/../../Firmware/src/Calibrations.c:59: multiple definition of `TrxCalib_RF_LimitLow'
obj/default/parser_opcodes.o:C:\WorkspaceDDigital\LSM7002MNiosProject\MasterSoC_Controller\software\MasterSoC_3pAIP_v2/../../Firmware/src/Broker/parser_opcodes.c:738: first defined here
obj/default/Tune_Filter_8051.o:(.rodata+0x0): multiple definition of `mcu_program_lms7_dc_iq_calibration_bin'
obj/default/parser_opcodes.o:C:\WorkspaceDDigital\LSM7002MNiosProject\MasterSoC_Controller\software\MasterSoC_3pAIP_v2/../../Firmware/src/Broker/parser_opcodes.c:739: first defined here
c:/intelfpga_lite/18.1/nios2eds/bin/gnu/h-x86_64-mingw32/bin/../lib/gcc/nios2-elf/5.3.0/../../../../../H-x86_64-mingw32/nios2-elf/lib/mno-hw-mul\libc.a(closer.o): In function `_close_r':
/build/arc/temp/823101626/ACDS_lwr/ip/sopc/app/gnu/BUILD/gnu/build-newlib.nios2-elf.x86_64-w64-mingw32/nios2-elf/mno-hw-mul/newlib/libc/reent/../../../../../../src/newlib-2.2/newlib/libc/reent/closer.c:53: warning: warning: close is not implemented and will always fail
c:/intelfpga_lite/18.1/nios2eds/bin/gnu/h-x86_64-mingw32/bin/../lib/gcc/nios2-elf/5.3.0/../../../../../H-x86_64-mingw32/nios2-elf/lib/mno-hw-mul\libc.a(lib_a-lseekr.o): In function `_lseek_r':
/build/arc/temp/823101626/ACDS_lwr/ip/sopc/app/gnu/BUILD/gnu/build-newlib.nios2-elf.x86_64-w64-mingw32/nios2-elf/mno-hw-mul/newlib/libc/reent/../../../../../../src/newlib-2.2/newlib/libc/reent/lseekr.c:58: warning: warning: lseek is not implemented and will always fail
c:/intelfpga_lite/18.1/nios2eds/bin/gnu/h-x86_64-mingw32/bin/../lib/gcc/nios2-elf/5.3.0/../../../../../H-x86_64-mingw32/nios2-elf/lib/mno-hw-mul\libc.a(lib_a-openr.o): In function `_open_r':
/build/arc/temp/823101626/ACDS_lwr/ip/sopc/app/gnu/BUILD/gnu/build-newlib.nios2-elf.x86_64-w64-mingw32/nios2-elf/mno-hw-mul/newlib/libc/reent/../../../../../../src/newlib-2.2/newlib/libc/reent/openr.c:59: warning: warning: open is not implemented and will always fail
c:/intelfpga_lite/18.1/nios2eds/bin/gnu/h-x86_64-mingw32/bin/../lib/gcc/nios2-elf/5.3.0/../../../../../H-x86_64-mingw32/nios2-elf/bin/ld.exe: address 0x4056c of MasterSoC_3pAIP_v2.elf section `.bss' is not within region `mem_program'
c:/intelfpga_lite/18.1/nios2eds/bin/gnu/h-x86_64-mingw32/bin/../lib/gcc/nios2-elf/5.3.0/../../../../../H-x86_64-mingw32/nios2-elf/bin/ld.exe: address 0x4056c of MasterSoC_3pAIP_v2.elf section `.bss' is not within region `mem_program'
collect2.exe: error: ld returned 1 exit status
make: *** [MasterSoC_3pAIP_v2.elf] Error 1

11:01:24 Build Finished (took 2s.158ms)

